WARNING: A terminally deprecated method in sun.misc.Unsafe has been called
WARNING: sun.misc.Unsafe::staticFieldBase has been called by com.google.inject.internal.aop.HiddenClassDefiner (file:/C:/Users/peddy/tools/apache-maven-3.9.10/apache-maven-3.9.10/lib/guice-5.1.0-classes.jar)
WARNING: Please consider reporting this to the maintainers of class com.google.inject.internal.aop.HiddenClassDefiner
WARNING: sun.misc.Unsafe::staticFieldBase will be removed in a future release
WARNING: Final field _cipher in class org.sonatype.plexus.components.sec.dispatcher.DefaultSecDispatcher has been mutated reflectively by class org.eclipse.sisu.bean.BeanPropertyField in unnamed module @11dc3715 (file:/C:/Users/peddy/tools/apache-maven-3.9.10/apache-maven-3.9.10/lib/org.eclipse.sisu.inject-0.9.0.M4.jar)
WARNING: Use --enable-final-field-mutation=ALL-UNNAMED to avoid a warning
WARNING: Mutating final fields will be blocked in a future release unless final field mutation is enabled

  .   ____          _            __ _ _
 /\\ / ___'_ __ _ _(_)_ __  __ _ \ \ \ \
( ( )\___ | '_ | '_| | '_ \/ _` | \ \ \ \
 \\/  ___)| |_)| | | | | || (_| |  ) ) ) )
  '  |____| .__|_| |_|_| |_\__, | / / / /
 =========|_|==============|___/=/_/_/_/
 :: Spring Boot ::                (v3.2.5)

2026-08-02T13:39:43.420-04:00  INFO 34176 --- [           main] c.i.d.InfluencerPresentationApplication  : Starting InfluencerPresentationApplication using Java 26 with PID 34176 (C:\AI\InfluencerCRM\InfluencerPresentationService\target\classes started by peddy in C:\AI\InfluencerCRM\InfluencerPresentationService)
2026-08-02T13:39:43.422-04:00  INFO 34176 --- [           main] c.i.d.InfluencerPresentationApplication  : No active profile set, falling back to 1 default profile: "default"
WARNING: A restricted method in java.lang.System has been called
WARNING: java.lang.System::load has been called by org.apache.tomcat.jni.Library in an unnamed module (file:/C:/Users/peddy/.m2/repository/org/apache/tomcat/embed/tomcat-embed-core/10.1.20/tomcat-embed-core-10.1.20.jar)
WARNING: Use --enable-native-access=ALL-UNNAMED to avoid a warning for callers in this module
WARNING: Restricted methods will be blocked in a future release unless native access is enabled

2026-08-02T13:39:44.224-04:00  INFO 34176 --- [           main] o.s.b.w.embedded.tomcat.TomcatWebServer  : Tomcat initialized with port 8090 (http)
2026-08-02T13:39:44.232-04:00  INFO 34176 --- [           main] o.apache.catalina.core.StandardService   : Starting service [Tomcat]
2026-08-02T13:39:44.232-04:00  INFO 34176 --- [           main] o.apache.catalina.core.StandardEngine    : Starting Servlet engine: [Apache Tomcat/10.1.20]
2026-08-02T13:39:44.270-04:00  INFO 34176 --- [           main] o.a.c.c.C.[Tomcat].[localhost].[/]       : Initializing Spring embedded WebApplicationContext
2026-08-02T13:39:44.270-04:00  INFO 34176 --- [           main] w.s.c.ServletWebServerApplicationContext : Root WebApplicationContext: initialization completed in 814 ms
2026-08-02T13:39:44.490-04:00  WARN 34176 --- [           main] c.i.dps.session.InMemorySessionStore     : Sessions are held in memory. Correct for a single instance only — a second instance cannot see these sessions and users would be logged out when the load balancer moves them. Provide a Redis-backed SessionStore bean before scaling out.
2026-08-02T13:39:44.492-04:00  INFO 34176 --- [           main] c.i.dps.cache.LoginCacheService          : No login cache warmers registered. Sessions carry no warm data; remotes fetch on mount as usual. Register a LoginCacheWarmer bean to change that.
2026-08-02T13:39:44.541-04:00  WARN 34176 --- [           main] .s.s.UserDetailsServiceAutoConfiguration : 

Using generated security password: a6c24e90-0adc-4ac9-afab-f2eca2271acb

This generated password is for development use only. Your security configuration must be updated before running your application in production.

2026-08-02T13:39:44.760-04:00  INFO 34176 --- [           main] o.s.b.a.e.web.EndpointLinksResolver      : Exposing 2 endpoint(s) beneath base path '/actuator'
2026-08-02T13:39:44.788-04:00  INFO 34176 --- [           main] o.s.s.web.DefaultSecurityFilterChain     : Will secure any request with [org.springframework.security.web.session.DisableEncodeUrlFilter@1f536481, org.springframework.security.web.context.request.async.WebAsyncManagerIntegrationFilter@5234b61a, org.springframework.security.web.context.SecurityContextHolderFilter@643ba1ed, org.springframework.security.web.header.HeaderWriterFilter@587c5c1, org.springframework.web.filter.CorsFilter@22a260ff, org.springframework.security.web.csrf.CsrfFilter@35787726, org.springframework.security.web.authentication.logout.LogoutFilter@11ede87f, org.springframework.security.web.savedrequest.RequestCacheAwareFilter@26582ca, org.springframework.security.web.servletapi.SecurityContextHolderAwareRequestFilter@153cb763, org.springframework.security.web.authentication.AnonymousAuthenticationFilter@54c425b1, org.springframework.security.web.session.SessionManagementFilter@1f78d415, org.springframework.security.web.access.ExceptionTranslationFilter@613f7eb7, org.springframework.security.web.access.intercept.AuthorizationFilter@7cf63b9a]
2026-08-02T13:39:44.966-04:00  INFO 34176 --- [           main] o.s.b.w.embedded.tomcat.TomcatWebServer  : Tomcat started on port 8090 (http) with context path ''
2026-08-02T13:39:44.976-04:00  INFO 34176 --- [           main] c.i.d.InfluencerPresentationApplication  : Started InfluencerPresentationApplication in 1.772 seconds (process running for 1.993)
2026-08-02T13:39:45.457-04:00  INFO 34176 --- [nio-8090-exec-1] o.a.c.c.C.[Tomcat].[localhost].[/]       : Initializing Spring DispatcherServlet 'dispatcherServlet'
2026-08-02T13:39:45.458-04:00  INFO 34176 --- [nio-8090-exec-1] o.s.web.servlet.DispatcherServlet        : Initializing Servlet 'dispatcherServlet'
2026-08-02T13:39:45.458-04:00  INFO 34176 --- [nio-8090-exec-1] o.s.web.servlet.DispatcherServlet        : Completed initialization in 0 ms
