WARNING: A terminally deprecated method in sun.misc.Unsafe has been called
WARNING: sun.misc.Unsafe::staticFieldBase has been called by com.google.inject.internal.aop.HiddenClassDefiner (file:/C:/Users/peddy/tools/apache-maven-3.9.10/apache-maven-3.9.10/lib/guice-5.1.0-classes.jar)
WARNING: Please consider reporting this to the maintainers of class com.google.inject.internal.aop.HiddenClassDefiner
WARNING: sun.misc.Unsafe::staticFieldBase will be removed in a future release
WARNING: Final field _cipher in class org.sonatype.plexus.components.sec.dispatcher.DefaultSecDispatcher has been mutated reflectively by class org.eclipse.sisu.bean.BeanPropertyField in unnamed module @11dc3715 (file:/C:/Users/peddy/tools/apache-maven-3.9.10/apache-maven-3.9.10/lib/org.eclipse.sisu.inject-0.9.0.M4.jar)
WARNING: Use --enable-final-field-mutation=ALL-UNNAMED to avoid a warning
WARNING: Mutating final fields will be blocked in a future release unless final field mutation is enabled

  .   ____          _            __ _ _
 /\\ / ___'_ __ _ _(_)_ __  __ _ \ \ \ \
( ( )\___ | '_ | '_| | '_ \/ _` | \ \ \ \
 \\/  ___)| |_)| | | | | || (_| |  ) ) ) )
  '  |____| .__|_| |_|_| |_\__, | / / / /
 =========|_|==============|___/=/_/_/_/
 :: Spring Boot ::                (v3.2.5)

2026-08-02T11:31:57.153-04:00  INFO 25160 --- [           main] c.i.c.InfluencerCreatorApplication       : Starting InfluencerCreatorApplication using Java 26 with PID 25160 (C:\AI\InfluencerCRM\InfluencerCreatorService\target\classes started by peddy in C:\AI\InfluencerCRM\InfluencerCreatorService)
2026-08-02T11:31:57.162-04:00  INFO 25160 --- [           main] c.i.c.InfluencerCreatorApplication       : No active profile set, falling back to 1 default profile: "default"
2026-08-02T11:31:59.766-04:00  INFO 25160 --- [           main] .s.d.r.c.RepositoryConfigurationDelegate : Bootstrapping Spring Data JPA repositories in DEFAULT mode.
2026-08-02T11:31:59.910-04:00  INFO 25160 --- [           main] .s.d.r.c.RepositoryConfigurationDelegate : Finished Spring Data repository scanning in 127 ms. Found 4 JPA repository interfaces.
WARNING: A restricted method in java.lang.System has been called
WARNING: java.lang.System::load has been called by org.apache.tomcat.jni.Library in an unnamed module (file:/C:/Users/peddy/.m2/repository/org/apache/tomcat/embed/tomcat-embed-core/10.1.20/tomcat-embed-core-10.1.20.jar)
WARNING: Use --enable-native-access=ALL-UNNAMED to avoid a warning for callers in this module
WARNING: Restricted methods will be blocked in a future release unless native access is enabled

2026-08-02T11:32:01.737-04:00  INFO 25160 --- [           main] o.s.b.w.embedded.tomcat.TomcatWebServer  : Tomcat initialized with port 8446 (http)
2026-08-02T11:32:01.778-04:00  INFO 25160 --- [           main] o.apache.catalina.core.StandardService   : Starting service [Tomcat]
2026-08-02T11:32:01.779-04:00  INFO 25160 --- [           main] o.apache.catalina.core.StandardEngine    : Starting Servlet engine: [Apache Tomcat/10.1.20]
2026-08-02T11:32:02.087-04:00  INFO 25160 --- [           main] o.a.c.c.C.[Tomcat].[localhost].[/]       : Initializing Spring embedded WebApplicationContext
2026-08-02T11:32:02.089-04:00  INFO 25160 --- [           main] w.s.c.ServletWebServerApplicationContext : Root WebApplicationContext: initialization completed in 4796 ms
2026-08-02T11:32:02.915-04:00  INFO 25160 --- [           main] o.hibernate.jpa.internal.util.LogHelper  : HHH000204: Processing PersistenceUnitInfo [name: default]
2026-08-02T11:32:03.053-04:00  INFO 25160 --- [           main] org.hibernate.Version                    : HHH000412: Hibernate ORM core version 6.4.4.Final
2026-08-02T11:32:03.143-04:00  INFO 25160 --- [           main] o.h.c.internal.RegionFactoryInitiator    : HHH000026: Second-level cache disabled
2026-08-02T11:32:03.817-04:00  INFO 25160 --- [           main] o.s.o.j.p.SpringPersistenceUnitInfo      : No LoadTimeWeaver setup: ignoring JPA class transformer
2026-08-02T11:32:03.896-04:00  INFO 25160 --- [           main] com.zaxxer.hikari.HikariDataSource       : HikariPool-1 - Starting...
2026-08-02T11:32:04.326-04:00  INFO 25160 --- [           main] com.zaxxer.hikari.pool.HikariPool        : HikariPool-1 - Added connection org.postgresql.jdbc.PgConnection@5f2b9da8
2026-08-02T11:32:04.330-04:00  INFO 25160 --- [           main] com.zaxxer.hikari.HikariDataSource       : HikariPool-1 - Start completed.
2026-08-02T11:32:04.406-04:00  WARN 25160 --- [           main] org.hibernate.orm.deprecation            : HHH90000025: PostgreSQLDialect does not need to be specified explicitly using 'hibernate.dialect' (remove the property setting and it will be selected by default)
2026-08-02T11:32:06.956-04:00  INFO 25160 --- [           main] o.h.e.t.j.p.i.JtaPlatformInitiator       : HHH000489: No JTA platform available (set 'hibernate.transaction.jta.platform' to enable JTA platform integration)
2026-08-02T11:32:06.965-04:00  INFO 25160 --- [           main] j.LocalContainerEntityManagerFactoryBean : Initialized JPA EntityManagerFactory for persistence unit 'default'
2026-08-02T11:32:07.794-04:00  INFO 25160 --- [           main] o.s.d.j.r.query.QueryEnhancerFactory     : Hibernate is in classpath; If applicable, HQL parser will be used.
2026-08-02T11:32:08.197-04:00  WARN 25160 --- [           main] JpaBaseConfiguration$JpaWebConfiguration : spring.jpa.open-in-view is enabled by default. Therefore, database queries may be performed during view rendering. Explicitly configure spring.jpa.open-in-view to disable this warning
2026-08-02T11:32:08.257-04:00  WARN 25160 --- [           main] .s.s.UserDetailsServiceAutoConfiguration : 

Using generated security password: 0c7351b6-b331-4ddc-8248-0fcb973f0529

This generated password is for development use only. Your security configuration must be updated before running your application in production.

2026-08-02T11:32:08.994-04:00  INFO 25160 --- [           main] o.s.b.a.e.web.EndpointLinksResolver      : Exposing 2 endpoint(s) beneath base path '/actuator'
2026-08-02T11:32:09.088-04:00  INFO 25160 --- [           main] o.s.s.web.DefaultSecurityFilterChain     : Will secure any request with [org.springframework.security.web.session.DisableEncodeUrlFilter@3a8cc099, org.springframework.security.web.context.request.async.WebAsyncManagerIntegrationFilter@756b703d, org.springframework.security.web.context.SecurityContextHolderFilter@5a9004e1, org.springframework.security.web.header.HeaderWriterFilter@1046aaa4, org.springframework.security.web.authentication.logout.LogoutFilter@15f3f9cf, com.influencer.creator.security.ServiceTokenFilter@26d5a317, org.springframework.security.web.savedrequest.RequestCacheAwareFilter@1226ba98, org.springframework.security.web.servletapi.SecurityContextHolderAwareRequestFilter@6ed87b1c, org.springframework.security.web.authentication.AnonymousAuthenticationFilter@1c00a9f0, org.springframework.security.web.session.SessionManagementFilter@354ff4f6, org.springframework.security.web.access.ExceptionTranslationFilter@cec1ce2, org.springframework.security.web.access.intercept.AuthorizationFilter@7ea91c39]
2026-08-02T11:32:09.928-04:00  WARN 25160 --- [           main] ConfigServletWebServerApplicationContext : Exception encountered during context initialization - cancelling refresh attempt: org.springframework.context.ApplicationContextException: Failed to start bean 'webServerStartStop'
2026-08-02T11:32:09.937-04:00  INFO 25160 --- [           ma2026-08-02T11:33:15.323-04:00  INFO 21120 --- [nio-8446-exec-1] o.a.c.c.C.[Tomcat].[localhost].[/]       : Initializing Spring DispatcherServlet 'dispatcherServlet'
2026-08-02T11:33:15.323-04:00  INFO 21120 --- [nio-8446-exec-1] o.s.web.servlet.DispatcherServlet        : Initializing Servlet 'dispatcherServlet'
2026-08-02T11:33:15.324-04:00  INFO 21120 --- [nio-8446-exec-1] o.s.web.servlet.DispatcherServlet        : Completed initialization in 1 ms
2026-08-02T12:40:52.200-04:00  WARN 21120 --- [l-1 housekeeper] com.zaxxer.hikari.pool.HikariPool        : HikariPool-1 - Thread starvation or clock leap detected (housekeeper delta=52m41s846ms478µs200ns).
0 ERROR 25160 --- [           main] o.s.b.d.LoggingFailureAnalysisReporter   : 

***************************
APPLICATION FAILED TO START
***************************

Description:

Web server failed to start. Port 8446 was already in use.

Action:

Identify and stop the process that's listening on port 8446 or configure this application to listen on another port.

[ERROR] Failed to execute goal org.springframework.boot:spring-boot-maven-plugin:3.2.5:run (default-cli) on project InfluencerCreatorService: Process terminated with exit code: 1 -> [Help 1]
[ERROR] 
[ERROR] To see the full stack trace of the errors, re-run Maven with the -e switch.
[ERROR] Re-run Maven using the -X switch to enable full debug logging.
[ERROR] 
[ERROR] For more information about the errors and possible solutions, please read the following articles:
[ERROR] [Help 1] http://cwiki.apache.org/confluence/display/MAVEN/MojoExecutionException
