WARNING: A terminally deprecated method in sun.misc.Unsafe has been called
WARNING: sun.misc.Unsafe::staticFieldBase has been called by com.google.inject.internal.aop.HiddenClassDefiner (file:/C:/Users/peddy/tools/apache-maven-3.9.10/apache-maven-3.9.10/lib/guice-5.1.0-classes.jar)
WARNING: Please consider reporting this to the maintainers of class com.google.inject.internal.aop.HiddenClassDefiner
WARNING: sun.misc.Unsafe::staticFieldBase will be removed in a future release
WARNING: Final field _cipher in class org.sonatype.plexus.components.sec.dispatcher.DefaultSecDispatcher has been mutated reflectively by class org.eclipse.sisu.bean.BeanPropertyField in unnamed module @11dc3715 (file:/C:/Users/peddy/tools/apache-maven-3.9.10/apache-maven-3.9.10/lib/org.eclipse.sisu.inject-0.9.0.M4.jar)
WARNING: Use --enable-final-field-mutation=ALL-UNNAMED to avoid a warning
WARNING: Mutating final fields will be blocked in a future release unless final field mutation is enabled

  .   ____          _            __ _ _
 /\\ / ___'_ __ _ _(_)_ __  __ _ \ \ \ \
( ( )\___ | '_ | '_| | '_ \/ _` | \ \ \ \
 \\/  ___)| |_)| | | | | || (_| |  ) ) ) )
  '  |____| .__|_| |_|_| |_\__, | / / / /
 =========|_|==============|___/=/_/_/_/
 :: Spring Boot ::                (v3.2.5)

2026-08-02T11:31:57.036-04:00  INFO 44828 --- [           main] c.i.c.InfluencerCampaignApplication      : Starting InfluencerCampaignApplication using Java 26 with PID 44828 (C:\AI\InfluencerCRM\InfluencerCampaignService\target\classes started by peddy in C:\AI\InfluencerCRM\InfluencerCampaignService)
2026-08-02T11:31:57.046-04:00  INFO 44828 --- [           main] c.i.c.InfluencerCampaignApplication      : No active profile set, falling back to 1 default profile: "default"
2026-08-02T11:31:59.771-04:00  INFO 44828 --- [           main] .s.d.r.c.RepositoryConfigurationDelegate : Bootstrapping Spring Data JPA repositories in DEFAULT mode.
2026-08-02T11:31:59.919-04:00  INFO 44828 --- [           main] .s.d.r.c.RepositoryConfigurationDelegate : Finished Spring Data repository scanning in 133 ms. Found 4 JPA repository interfaces.
WARNING: A restricted method in java.lang.System has been called
WARNING: java.lang.System::load has been called by org.apache.tomcat.jni.Library in an unnamed module (file:/C:/Users/peddy/.m2/repository/org/apache/tomcat/embed/tomcat-embed-core/10.1.20/tomcat-embed-core-10.1.20.jar)
WARNING: Use --enable-native-access=ALL-UNNAMED to avoid a warning for callers in this module
WARNING: Restricted methods will be blocked in a future release unless native access is enabled

2026-08-02T11:32:01.686-04:00  INFO 44828 --- [           main] o.s.b.w.embedded.tomcat.TomcatWebServer  : Tomcat initialized with port 8447 (http)
2026-08-02T11:32:01.719-04:00  INFO 44828 --- [           main] o.apache.catalina.core.StandardService   : Starting service [Tomcat]
2026-08-02T11:32:01.720-04:00  INFO 44828 --- [           main] o.apache.catalina.core.StandardEngine    : Starting Servlet engine: [Apache Tomcat/10.1.20]
2026-08-02T11:32:02.009-04:00  INFO 44828 --- [           main] o.a.c.c.C.[Tomcat].[localhost].[/]       : Initializing Spring embedded WebApplicationContext
2026-08-02T11:32:02.010-04:00  INFO 44828 --- [           main] w.s.c.ServletWebServerApplicationContext : Root WebApplicationContext: initialization completed in 4775 ms
2026-08-02T11:32:02.806-04:00  INFO 44828 --- [           main] o.hibernate.jpa.internal.util.LogHelper  : HHH000204: Processing PersistenceUnitInfo [name: default]
2026-08-02T11:32:02.941-04:00  INFO 44828 --- [           main] org.hibernate.Version                    : HHH000412: Hibernate ORM core version 6.4.4.Final
2026-08-02T11:32:03.033-04:00  INFO 44828 --- [           main] o.h.c.internal.RegionFactoryInitiator    : HHH000026: Second-level cache disabled
2026-08-02T11:32:03.690-04:00  INFO 44828 --- [           main] o.s.o.j.p.SpringPersistenceUnitInfo      : No LoadTimeWeaver setup: ignoring JPA class transformer
2026-08-02T11:32:03.761-04:00  INFO 44828 --- [           main] com.zaxxer.hikari.HikariDataSource       : HikariPool-1 - Starting...
2026-08-02T11:32:04.154-04:00  INFO 44828 --- [           main] com.zaxxer.hikari.pool.HikariPool        : HikariPool-1 - Added connection org.postgresql.jdbc.PgConnection@4ab455e2
2026-08-02T11:32:04.158-04:00  INFO 44828 --- [           main] com.zaxxer.hikari.HikariDataSource       : HikariPool-1 - Start completed.
2026-08-02T11:32:04.240-04:00  WARN 44828 --- [           main] org.hibernate.orm.deprecation            : HHH90000025: PostgreSQLDialect does not need to be specified explicitly using 'hibernate.dialect' (remove the property setting and it will be selected by default)
2026-08-02T11:32:06.611-04:00  INFO 44828 --- [           main] o.h.e.t.j.p.i.JtaPlatformInitiator       : HHH000489: No JTA platform available (set 'hibernate.transaction.jta.platform' to enable JTA platform integration)
2026-08-02T11:32:06.620-04:00  INFO 44828 --- [           main] j.LocalContainerEntityManagerFactoryBean : Initialized JPA EntityManagerFactory for persistence unit 'default'
2026-08-02T11:32:08.056-04:00  INFO 44828 --- [           main] o.s.d.j.r.query.QueryEnhancerFactory     : Hibernate is in classpath; If applicable, HQL parser will be used.
2026-08-02T11:32:08.195-04:00  WARN 44828 --- [           main] JpaBaseConfiguration$JpaWebConfiguration : spring.jpa.open-in-view is enabled by default. Therefore, database queries may be performed during view rendering. Explicitly configure spring.jpa.open-in-view to disable this warning
2026-08-02T11:32:08.244-04:00  WARN 44828 --- [           main] .s.s.UserDetailsServiceAutoConfiguration : 

Using generated security password: 6e7baf4c-d952-4696-ac67-c349cceaab27

This generated password is for development use only. Your security configuration must be updated before running your application in production.

2026-08-02T11:32:08.975-04:00  INFO 44828 --- [           main] o.s.b.a.e.web.EndpointLinksResolver      : Exposing 2 endpoint(s) beneath base path '/actuator'
2026-08-02T11:32:09.081-04:00  INFO 44828 --- [           main] o.s.s.web.DefaultSecurityFilterChain     : Will secure any request with [org.springframework.security.web.session.DisableEncodeUrlFilter@21f7c0be, org.springframework.security.web.context.request.async.WebAsyncManagerIntegrationFilter@48463900, org.springframework.security.web.context.SecurityContextHolderFilter@6812708d, org.springframework.security.web.header.HeaderWriterFilter@6e2764c9, org.springframework.security.web.authentication.logout.LogoutFilter@3dbcde0b, com.influencer.campaign.security.ServiceTokenFilter@3f857e08, org.springframework.security.web.savedrequest.RequestCacheAwareFilter@2afa1b1a, org.springframework.security.web.servletapi.SecurityContextHolderAwareRequestFilter@1e8c9083, org.springframework.security.web.authentication.AnonymousAuthenticationFilter@5834298c, org.springframework.security.web.session.SessionManagementFilter@ba90170, org.springframework.security.web.access.ExceptionTranslationFilter@2bdf6c7c, org.springframework.security.web.access.intercept.AuthorizationFilter@6441da2c]
2026-08-02T11:32:09.908-04:00  WARN 44828 --- [           main] ConfigServletWebServerApplicationContext : Exception encountered during context initialization - cancelling refresh attempt: org.springframework.context.ApplicationContextException: Failed to start bean 'webServerStartStop'
2026-08-02T11:32:09.916-04:00  INFO 442026-08-02T11:33:15.603-04:00  INFO 2384 --- [nio-8447-exec-1] o.a.c.c.C.[Tomcat].[localhost].[/]       : Initializing Spring DispatcherServlet 'dispatcherServlet'
2026-08-02T11:33:15.603-04:00  INFO 2384 --- [nio-8447-exec-1] o.s.web.servlet.DispatcherServlet        : Initializing Servlet 'dispatcherServlet'
2026-08-02T11:33:15.604-04:00  INFO 2384 --- [nio-8447-exec-1] o.s.web.servlet.DispatcherServlet        : Completed initialization in 1 ms
2026-08-02T12:40:52.200-04:00  WARN 2384 --- [l-1 housekeeper] com.zaxxer.hikari.pool.HikariPool        : HikariPool-1 - Thread starvation or clock leap detected (housekeeper delta=52m41s846ms627µs700ns).
26-08-02T11:32:10.023-04:00 ERROR 44828 --- [           main] o.s.b.d.LoggingFailureAnalysisReporter   : 

***************************
APPLICATION FAILED TO START
***************************

Description:

Web server failed to start. Port 8447 was already in use.

Action:

Identify and stop the process that's listening on port 8447 or configure this application to listen on another port.

[ERROR] Failed to execute goal org.springframework.boot:spring-boot-maven-plugin:3.2.5:run (default-cli) on project InfluencerCampaignService: Process terminated with exit code: 1 -> [Help 1]
[ERROR] 
[ERROR] To see the full stack trace of the errors, re-run Maven with the -e switch.
[ERROR] Re-run Maven using the -X switch to enable full debug logging.
[ERROR] 
[ERROR] For more information about the errors and possible solutions, please read the following articles:
[ERROR] [Help 1] http://cwiki.apache.org/confluence/display/MAVEN/MojoExecutionException
