WARNING: A terminally deprecated method in sun.misc.Unsafe has been called
WARNING: sun.misc.Unsafe::staticFieldBase has been called by com.google.inject.internal.aop.HiddenClassDefiner (file:/C:/Users/peddy/tools/apache-maven-3.9.10/apache-maven-3.9.10/lib/guice-5.1.0-classes.jar)
WARNING: Please consider reporting this to the maintainers of class com.google.inject.internal.aop.HiddenClassDefiner
WARNING: sun.misc.Unsafe::staticFieldBase will be removed in a future release
WARNING: Final field _cipher in class org.sonatype.plexus.components.sec.dispatcher.DefaultSecDispatcher has been mutated reflectively by class org.eclipse.sisu.bean.BeanPropertyField in unnamed module @11dc3715 (file:/C:/Users/peddy/tools/apache-maven-3.9.10/apache-maven-3.9.10/lib/org.eclipse.sisu.inject-0.9.0.M4.jar)
WARNING: Use --enable-final-field-mutation=ALL-UNNAMED to avoid a warning
WARNING: Mutating final fields will be blocked in a future release unless final field mutation is enabled

  .   ____          _            __ _ _
 /\\ / ___'_ __ _ _(_)_ __  __ _ \ \ \ \
( ( )\___ | '_ | '_| | '_ \/ _` | \ \ \ \
 \\/  ___)| |_)| | | | | || (_| |  ) ) ) )
  '  |____| .__|_| |_|_| |_\__, | / / / /
 =========|_|==============|___/=/_/_/_/
 :: Spring Boot ::                (v3.2.5)

2026-08-02T11:32:01.651-04:00  INFO 28408 --- [           main] c.i.f.InfluencerFinanceApplication       : Starting InfluencerFinanceApplication using Java 26 with PID 28408 (C:\AI\InfluencerCRM\InfluencerFinanceService\target\classes started by peddy in C:\AI\InfluencerCRM\InfluencerFinanceService)
2026-08-02T11:32:01.658-04:00  INFO 28408 --- [           main] c.i.f.InfluencerFinanceApplication       : No active profile set, falling back to 1 default profile: "default"
2026-08-02T11:32:04.118-04:00  INFO 28408 --- [           main] .s.d.r.c.RepositoryConfigurationDelegate : Bootstrapping Spring Data JPA repositories in DEFAULT mode.
2026-08-02T11:32:04.282-04:00  INFO 28408 --- [           main] .s.d.r.c.RepositoryConfigurationDelegate : Finished Spring Data repository scanning in 145 ms. Found 3 JPA repository interfaces.
WARNING: A restricted method in java.lang.System has been called
WARNING: java.lang.System::load has been called by org.apache.tomcat.jni.Library in an unnamed module (file:/C:/Users/peddy/.m2/repository/org/apache/tomcat/embed/tomcat-embed-core/10.1.20/tomcat-embed-core-10.1.20.jar)
WARNING: Use --enable-native-access=ALL-UNNAMED to avoid a warning for callers in this module
WARNING: Restricted methods will be blocked in a future release unless native access is enabled

2026-08-02T11:32:06.119-04:00  INFO 28408 --- [           main] o.s.b.w.embedded.tomcat.TomcatWebServer  : Tomcat initialized with port 8449 (http)
2026-08-02T11:32:06.154-04:00  INFO 28408 --- [           main] o.apache.catalina.core.StandardService   : Starting service [Tomcat]
2026-08-02T11:32:06.155-04:00  INFO 28408 --- [           main] o.apache.catalina.core.StandardEngine    : Starting Servlet engine: [Apache Tomcat/10.1.20]
2026-08-02T11:32:06.343-04:00  INFO 28408 --- [           main] o.a.c.c.C.[Tomcat].[localhost].[/]       : Initializing Spring embedded WebApplicationContext
2026-08-02T11:32:06.344-04:00  INFO 28408 --- [           main] w.s.c.ServletWebServerApplicationContext : Root WebApplicationContext: initialization completed in 4546 ms
2026-08-02T11:32:07.089-04:00  INFO 28408 --- [           main] o.hibernate.jpa.internal.util.LogHelper  : HHH000204: Processing PersistenceUnitInfo [name: default]
2026-08-02T11:32:07.209-04:00  INFO 28408 --- [           main] org.hibernate.Version                    : HHH000412: Hibernate ORM core version 6.4.4.Final
2026-08-02T11:32:07.279-04:00  INFO 28408 --- [           main] o.h.c.internal.RegionFactoryInitiator    : HHH000026: Second-level cache disabled
2026-08-02T11:32:07.890-04:00  INFO 28408 --- [           main] o.s.o.j.p.SpringPersistenceUnitInfo      : No LoadTimeWeaver setup: ignoring JPA class transformer
2026-08-02T11:32:07.931-04:00  INFO 28408 --- [           main] com.zaxxer.hikari.HikariDataSource       : HikariPool-1 - Starting...
2026-08-02T11:32:08.200-04:00  INFO 28408 --- [           main] com.zaxxer.hikari.pool.HikariPool        : HikariPool-1 - Added connection org.postgresql.jdbc.PgConnection@563843f1
2026-08-02T11:32:08.203-04:00  INFO 28408 --- [           main] com.zaxxer.hikari.HikariDataSource       : HikariPool-1 - Start completed.
2026-08-02T11:32:08.253-04:00  WARN 28408 --- [           main] org.hibernate.orm.deprecation            : HHH90000025: PostgreSQLDialect does not need to be specified explicitly using 'hibernate.dialect' (remove the property setting and it will be selected by default)
2026-08-02T11:32:10.332-04:00  INFO 28408 --- [           main] o.h.e.t.j.p.i.JtaPlatformInitiator       : HHH000489: No JTA platform available (set 'hibernate.transaction.jta.platform' to enable JTA platform integration)
2026-08-02T11:32:10.347-04:00  INFO 28408 --- [           main] j.LocalContainerEntityManagerFactoryBean : Initialized JPA EntityManagerFactory for persistence unit 'default'
2026-08-02T11:32:10.940-04:00  INFO 28408 --- [           main] o.s.d.j.r.query.QueryEnhancerFactory     : Hibernate is in classpath; If applicable, HQL parser will be used.
2026-08-02T11:32:11.164-04:00  WARN 28408 --- [           main] JpaBaseConfiguration$JpaWebConfiguration : spring.jpa.open-in-view is enabled by default. Therefore, database queries may be performed during view rendering. Explicitly configure spring.jpa.open-in-view to disable this warning
2026-08-02T11:32:11.200-04:00  WARN 28408 --- [           main] .s.s.UserDetailsServiceAutoConfiguration : 

Using generated security password: 4352a92c-bdb6-434d-97a2-9fef395181e1

This generated password is for development use only. Your security configuration must be updated before running your application in production.

2026-08-02T11:32:11.598-04:00  INFO 28408 --- [           main] o.s.b.a.e.web.EndpointLinksResolver      : Exposing 2 endpoint(s) beneath base path '/actuator'
2026-08-02T11:32:11.713-04:00  INFO 28408 --- [           main] o.s.s.web.DefaultSecurityFilterChain     : Will secure any request with [org.springframework.security.web.session.DisableEncodeUrlFilter@6fa5fc67, org.springframework.security.web.context.request.async.WebAsyncManagerIntegrationFilter@17e323fd, org.springframework.security.web.context.SecurityContextHolderFilter@7d018c58, org.springframework.security.web.header.HeaderWriterFilter@789d45f7, org.springframework.security.web.authentication.logout.LogoutFilter@64faf3d, com.influencer.finance.security.ServiceTokenFilter@402f8592, org.springframework.security.web.savedrequest.RequestCacheAwareFilter@257e8c43, org.springframework.security.web.servletapi.SecurityContextHolderAwareRequestFilter@189fb01b, org.springframework.security.web.authentication.AnonymousAuthenticationFilter@6df0d030, org.springframework.security.web.session.SessionManagementFilter@2e895acb, org.springframework.security.web.access.ExceptionTranslationFilter@7c16cc25, org.springframework.security.web.access.intercept.AuthorizationFilter@173602c0]
2026-08-02T11:32:12.398-04:00  INFO 28408 --- [           main] o.s.b.w.embedded.tomcat.TomcatWebServer  : Tomcat started on port 8449 (http) with context path ''
2026-08-02T11:32:12.412-04:00  INFO 28408 --- [           main] c.i.f.InfluencerFinanceApplication       : Started InfluencerFinanceApplication in 11.684 seconds (process running for 12.834)
2026-08-02T11:33:16.175-04:00  INFO 28408 --- [nio-8449-exec-2] o.a.c.c.C.[Tomcat].[localhost].[/]       : Initializing Spring DispatcherServlet 'dispatcherServlet'
2026-08-02T11:33:16.175-04:00  INFO 28408 --- [nio-8449-exec-2] o.s.web.servlet.DispatcherServlet        : Initializing Servlet 'dispatcherServlet'
2026-08-02T11:33:16.177-04:00  INFO 28408 --- [nio-8449-exec-2] o.s.web.servlet.DispatcherServlet        : Completed initialization in 1 ms
2026-08-02T12:40:50.185-04:00  WARN 28408 --- [l-1 housekeeper] com.zaxxer.hikari.pool.HikariPool        : HikariPool-1 - Thread starvation or clock leap detected (housekeeper delta=52m41s846ms339µs700ns).
